running egg_info
writing ../../build/roarm_face_tracker/roarm_face_tracker.egg-info/PKG-INFO
writing dependency_links to ../../build/roarm_face_tracker/roarm_face_tracker.egg-info/dependency_links.txt
writing entry points to ../../build/roarm_face_tracker/roarm_face_tracker.egg-info/entry_points.txt
writing requirements to ../../build/roarm_face_tracker/roarm_face_tracker.egg-info/requires.txt
writing top-level names to ../../build/roarm_face_tracker/roarm_face_tracker.egg-info/top_level.txt
reading manifest file '../../build/roarm_face_tracker/roarm_face_tracker.egg-info/SOURCES.txt'
writing manifest file '../../build/roarm_face_tracker/roarm_face_tracker.egg-info/SOURCES.txt'
running build
running build_py
copying roarm_face_tracker/roarm_driver_node.py -> /home/hyperdrant/rm_new/ros2_ws/build/roarm_face_tracker/build/lib/roarm_face_tracker
copying roarm_face_tracker/face_tracker_node.py -> /home/hyperdrant/rm_new/ros2_ws/build/roarm_face_tracker/build/lib/roarm_face_tracker
copying roarm_face_tracker/__init__.py -> /home/hyperdrant/rm_new/ros2_ws/build/roarm_face_tracker/build/lib/roarm_face_tracker
copying roarm_face_tracker/camera_node.py -> /home/hyperdrant/rm_new/ros2_ws/build/roarm_face_tracker/build/lib/roarm_face_tracker
copying roarm_face_tracker/image_utils.py -> /home/hyperdrant/rm_new/ros2_ws/build/roarm_face_tracker/build/lib/roarm_face_tracker
running install
running install_lib
copying /home/hyperdrant/rm_new/ros2_ws/build/roarm_face_tracker/build/lib/roarm_face_tracker/roarm_driver_node.py -> /home/hyperdrant/rm_new/ros2_ws/install/roarm_face_tracker/lib/python3.10/site-packages/roarm_face_tracker
copying /home/hyperdrant/rm_new/ros2_ws/build/roarm_face_tracker/build/lib/roarm_face_tracker/face_tracker_node.py -> /home/hyperdrant/rm_new/ros2_ws/install/roarm_face_tracker/lib/python3.10/site-packages/roarm_face_tracker
copying /home/hyperdrant/rm_new/ros2_ws/build/roarm_face_tracker/build/lib/roarm_face_tracker/camera_node.py -> /home/hyperdrant/rm_new/ros2_ws/install/roarm_face_tracker/lib/python3.10/site-packages/roarm_face_tracker
byte-compiling /home/hyperdrant/rm_new/ros2_ws/install/roarm_face_tracker/lib/python3.10/site-packages/roarm_face_tracker/roarm_driver_node.py to roarm_driver_node.cpython-310.pyc
byte-compiling /home/hyperdrant/rm_new/ros2_ws/install/roarm_face_tracker/lib/python3.10/site-packages/roarm_face_tracker/face_tracker_node.py to face_tracker_node.cpython-310.pyc
byte-compiling /home/hyperdrant/rm_new/ros2_ws/install/roarm_face_tracker/lib/python3.10/site-packages/roarm_face_tracker/camera_node.py to camera_node.cpython-310.pyc
running install_data
copying resource/roarm_face_tracker -> /home/hyperdrant/rm_new/ros2_ws/install/roarm_face_tracker/share/ament_index/resource_index/packages
copying package.xml -> /home/hyperdrant/rm_new/ros2_ws/install/roarm_face_tracker/share/roarm_face_tracker
copying launch/face_tracking.launch.py -> /home/hyperdrant/rm_new/ros2_ws/install/roarm_face_tracker/share/roarm_face_tracker/launch
copying config/face_tracking.yaml -> /home/hyperdrant/rm_new/ros2_ws/install/roarm_face_tracker/share/roarm_face_tracker/config
running install_egg_info
removing '/home/hyperdrant/rm_new/ros2_ws/install/roarm_face_tracker/lib/python3.10/site-packages/roarm_face_tracker-0.1.0-py3.10.egg-info' (and everything under it)
Copying ../../build/roarm_face_tracker/roarm_face_tracker.egg-info to /home/hyperdrant/rm_new/ros2_ws/install/roarm_face_tracker/lib/python3.10/site-packages/roarm_face_tracker-0.1.0-py3.10.egg-info
running install_scripts
Installing camera script to /home/hyperdrant/rm_new/ros2_ws/install/roarm_face_tracker/lib/roarm_face_tracker
Installing face_tracker script to /home/hyperdrant/rm_new/ros2_ws/install/roarm_face_tracker/lib/roarm_face_tracker
Installing roarm_driver script to /home/hyperdrant/rm_new/ros2_ws/install/roarm_face_tracker/lib/roarm_face_tracker
writing list of installed files to '/home/hyperdrant/rm_new/ros2_ws/build/roarm_face_tracker/install.log'
