/home/hyperdrant/rm_new/ros2_ws/install/roarm_face_tracker/lib/python3.10/site-packages/roarm_face_tracker/roarm_driver_node.py
/home/hyperdrant/rm_new/ros2_ws/install/roarm_face_tracker/lib/python3.10/site-packages/roarm_face_tracker/face_tracker_node.py
/home/hyperdrant/rm_new/ros2_ws/install/roarm_face_tracker/lib/python3.10/site-packages/roarm_face_tracker/__init__.py
/home/hyperdrant/rm_new/ros2_ws/install/roarm_face_tracker/lib/python3.10/site-packages/roarm_face_tracker/face_detectors.py
/home/hyperdrant/rm_new/ros2_ws/install/roarm_face_tracker/lib/python3.10/site-packages/roarm_face_tracker/camera_node.py
/home/hyperdrant/rm_new/ros2_ws/install/roarm_face_tracker/lib/python3.10/site-packages/roarm_face_tracker/image_utils.py
/home/hyperdrant/rm_new/ros2_ws/install/roarm_face_tracker/lib/python3.10/site-packages/roarm_face_tracker/__pycache__/roarm_driver_node.cpython-310.pyc
/home/hyperdrant/rm_new/ros2_ws/install/roarm_face_tracker/lib/python3.10/site-packages/roarm_face_tracker/__pycache__/face_tracker_node.cpython-310.pyc
/home/hyperdrant/rm_new/ros2_ws/install/roarm_face_tracker/lib/python3.10/site-packages/roarm_face_tracker/__pycache__/__init__.cpython-310.pyc
/home/hyperdrant/rm_new/ros2_ws/install/roarm_face_tracker/lib/python3.10/site-packages/roarm_face_tracker/__pycache__/face_detectors.cpython-310.pyc
/home/hyperdrant/rm_new/ros2_ws/install/roarm_face_tracker/lib/python3.10/site-packages/roarm_face_tracker/__pycache__/camera_node.cpython-310.pyc
/home/hyperdrant/rm_new/ros2_ws/install/roarm_face_tracker/lib/python3.10/site-packages/roarm_face_tracker/__pycache__/image_utils.cpython-310.pyc
/home/hyperdrant/rm_new/ros2_ws/install/roarm_face_tracker/share/ament_index/resource_index/packages/roarm_face_tracker
/home/hyperdrant/rm_new/ros2_ws/install/roarm_face_tracker/share/roarm_face_tracker/package.xml
/home/hyperdrant/rm_new/ros2_ws/install/roarm_face_tracker/share/roarm_face_tracker/launch/face_tracking.launch.py
/home/hyperdrant/rm_new/ros2_ws/install/roarm_face_tracker/share/roarm_face_tracker/config/face_tracking.yaml
/home/hyperdrant/rm_new/ros2_ws/install/roarm_face_tracker/share/roarm_face_tracker/models/yolov12n-face.pt
/home/hyperdrant/rm_new/ros2_ws/install/roarm_face_tracker/lib/python3.10/site-packages/roarm_face_tracker-0.1.0-py3.10.egg-info/dependency_links.txt
/home/hyperdrant/rm_new/ros2_ws/install/roarm_face_tracker/lib/python3.10/site-packages/roarm_face_tracker-0.1.0-py3.10.egg-info/top_level.txt
/home/hyperdrant/rm_new/ros2_ws/install/roarm_face_tracker/lib/python3.10/site-packages/roarm_face_tracker-0.1.0-py3.10.egg-info/entry_points.txt
/home/hyperdrant/rm_new/ros2_ws/install/roarm_face_tracker/lib/python3.10/site-packages/roarm_face_tracker-0.1.0-py3.10.egg-info/requires.txt
/home/hyperdrant/rm_new/ros2_ws/install/roarm_face_tracker/lib/python3.10/site-packages/roarm_face_tracker-0.1.0-py3.10.egg-info/SOURCES.txt
/home/hyperdrant/rm_new/ros2_ws/install/roarm_face_tracker/lib/python3.10/site-packages/roarm_face_tracker-0.1.0-py3.10.egg-info/zip-safe
/home/hyperdrant/rm_new/ros2_ws/install/roarm_face_tracker/lib/python3.10/site-packages/roarm_face_tracker-0.1.0-py3.10.egg-info/PKG-INFO
/home/hyperdrant/rm_new/ros2_ws/install/roarm_face_tracker/lib/roarm_face_tracker/camera
/home/hyperdrant/rm_new/ros2_ws/install/roarm_face_tracker/lib/roarm_face_tracker/face_tracker
/home/hyperdrant/rm_new/ros2_ws/install/roarm_face_tracker/lib/roarm_face_tracker/roarm_driver
