[0.093s] DEBUG:colcon:Command line arguments: ['/usr/bin/colcon', 'build']
[0.093s] DEBUG:colcon:Parsed command line arguments: Namespace(log_base=None, log_level=None, verb_name='build', build_base='build', install_base='install', merge_install=False, symlink_install=False, test_result_base=None, continue_on_error=False, executor='parallel', parallel_workers=16, event_handlers=None, ignore_user_meta=False, metas=['./colcon.meta'], base_paths=['.'], packages_ignore=None, packages_ignore_regex=None, paths=None, packages_up_to=None, packages_up_to_regex=None, packages_above=None, packages_above_and_dependencies=None, packages_above_depth=None, packages_select_by_dep=None, packages_skip_by_dep=None, packages_skip_up_to=None, packages_select_build_failed=False, packages_skip_build_finished=False, packages_select_test_failures=False, packages_skip_test_passed=False, packages_select=None, packages_skip=None, packages_select_regex=None, packages_skip_regex=None, packages_start=None, packages_end=None, allow_overriding=[], cmake_args=None, cmake_target=None, cmake_target_skip_unavailable=False, cmake_clean_cache=False, cmake_clean_first=False, cmake_force_configure=False, ament_cmake_args=None, catkin_cmake_args=None, catkin_skip_building_tests=False, mixin_files=None, mixin=None, verb_parser=<colcon_mixin.mixin.mixin_argument.MixinArgumentDecorator object at 0x7ace0e8ad960>, verb_extension=<colcon_core.verb.build.BuildVerb object at 0x7ace0e8ad330>, main=<bound method BuildVerb.main of <colcon_core.verb.build.BuildVerb object at 0x7ace0e8ad330>>, mixin_verb=('build',))
[0.124s] Level 1:colcon.colcon_core.package_discovery:discover_packages(colcon_meta) check parameters
[0.124s] Level 1:colcon.colcon_core.package_discovery:discover_packages(recursive) check parameters
[0.124s] Level 1:colcon.colcon_core.package_discovery:discover_packages(ignore) check parameters
[0.124s] Level 1:colcon.colcon_core.package_discovery:discover_packages(path) check parameters
[0.124s] Level 1:colcon.colcon_core.package_discovery:discover_packages(colcon_meta) discover
[0.124s] Level 1:colcon.colcon_core.package_discovery:discover_packages(recursive) discover
[0.124s] INFO:colcon.colcon_core.package_discovery:Crawling recursively for packages in '/home/hyperdrant/rm_new/ros2_ws'
[0.124s] Level 1:colcon.colcon_core.package_identification:_identify(.) by extensions ['ignore', 'ignore_ament_install']
[0.124s] Level 1:colcon.colcon_core.package_identification:_identify(.) by extension 'ignore'
[0.124s] Level 1:colcon.colcon_core.package_identification:_identify(.) by extension 'ignore_ament_install'
[0.124s] Level 1:colcon.colcon_core.package_identification:_identify(.) by extensions ['colcon_pkg']
[0.124s] Level 1:colcon.colcon_core.package_identification:_identify(.) by extension 'colcon_pkg'
[0.124s] Level 1:colcon.colcon_core.package_identification:_identify(.) by extensions ['colcon_meta']
[0.124s] Level 1:colcon.colcon_core.package_identification:_identify(.) by extension 'colcon_meta'
[0.124s] Level 1:colcon.colcon_core.package_identification:_identify(.) by extensions ['ros']
[0.124s] Level 1:colcon.colcon_core.package_identification:_identify(.) by extension 'ros'
[0.135s] Level 1:colcon.colcon_core.package_identification:_identify(.) by extensions ['cmake', 'python']
[0.135s] Level 1:colcon.colcon_core.package_identification:_identify(.) by extension 'cmake'
[0.135s] Level 1:colcon.colcon_core.package_identification:_identify(.) by extension 'python'
[0.135s] Level 1:colcon.colcon_core.package_identification:_identify(.) by extensions ['python_setup_py']
[0.135s] Level 1:colcon.colcon_core.package_identification:_identify(.) by extension 'python_setup_py'
[0.135s] Level 1:colcon.colcon_core.package_identification:_identify(build) by extensions ['ignore', 'ignore_ament_install']
[0.135s] Level 1:colcon.colcon_core.package_identification:_identify(build) by extension 'ignore'
[0.135s] Level 1:colcon.colcon_core.package_identification:_identify(build) ignored
[0.135s] Level 1:colcon.colcon_core.package_identification:_identify(install) by extensions ['ignore', 'ignore_ament_install']
[0.135s] Level 1:colcon.colcon_core.package_identification:_identify(install) by extension 'ignore'
[0.135s] Level 1:colcon.colcon_core.package_identification:_identify(install) ignored
[0.135s] Level 1:colcon.colcon_core.package_identification:_identify(log) by extensions ['ignore', 'ignore_ament_install']
[0.135s] Level 1:colcon.colcon_core.package_identification:_identify(log) by extension 'ignore'
[0.135s] Level 1:colcon.colcon_core.package_identification:_identify(log) ignored
[0.135s] Level 1:colcon.colcon_core.package_identification:_identify(src) by extensions ['ignore', 'ignore_ament_install']
[0.135s] Level 1:colcon.colcon_core.package_identification:_identify(src) by extension 'ignore'
[0.135s] Level 1:colcon.colcon_core.package_identification:_identify(src) by extension 'ignore_ament_install'
[0.135s] Level 1:colcon.colcon_core.package_identification:_identify(src) by extensions ['colcon_pkg']
[0.136s] Level 1:colcon.colcon_core.package_identification:_identify(src) by extension 'colcon_pkg'
[0.136s] Level 1:colcon.colcon_core.package_identification:_identify(src) by extensions ['colcon_meta']
[0.136s] Level 1:colcon.colcon_core.package_identification:_identify(src) by extension 'colcon_meta'
[0.136s] Level 1:colcon.colcon_core.package_identification:_identify(src) by extensions ['ros']
[0.136s] Level 1:colcon.colcon_core.package_identification:_identify(src) by extension 'ros'
[0.136s] Level 1:colcon.colcon_core.package_identification:_identify(src) by extensions ['cmake', 'python']
[0.136s] Level 1:colcon.colcon_core.package_identification:_identify(src) by extension 'cmake'
[0.136s] Level 1:colcon.colcon_core.package_identification:_identify(src) by extension 'python'
[0.136s] Level 1:colcon.colcon_core.package_identification:_identify(src) by extensions ['python_setup_py']
[0.136s] Level 1:colcon.colcon_core.package_identification:_identify(src) by extension 'python_setup_py'
[0.136s] Level 1:colcon.colcon_core.package_identification:_identify(src/roarm_face_tracker) by extensions ['ignore', 'ignore_ament_install']
[0.136s] Level 1:colcon.colcon_core.package_identification:_identify(src/roarm_face_tracker) by extension 'ignore'
[0.136s] Level 1:colcon.colcon_core.package_identification:_identify(src/roarm_face_tracker) by extension 'ignore_ament_install'
[0.136s] Level 1:colcon.colcon_core.package_identification:_identify(src/roarm_face_tracker) by extensions ['colcon_pkg']
[0.136s] Level 1:colcon.colcon_core.package_identification:_identify(src/roarm_face_tracker) by extension 'colcon_pkg'
[0.136s] Level 1:colcon.colcon_core.package_identification:_identify(src/roarm_face_tracker) by extensions ['colcon_meta']
[0.136s] Level 1:colcon.colcon_core.package_identification:_identify(src/roarm_face_tracker) by extension 'colcon_meta'
[0.136s] Level 1:colcon.colcon_core.package_identification:_identify(src/roarm_face_tracker) by extensions ['ros']
[0.136s] Level 1:colcon.colcon_core.package_identification:_identify(src/roarm_face_tracker) by extension 'ros'
[0.138s] DEBUG:colcon.colcon_core.package_identification:Package 'src/roarm_face_tracker' with type 'ros.ament_python' and name 'roarm_face_tracker'
[0.138s] Level 1:colcon.colcon_core.package_discovery:discover_packages(recursive) using defaults
[0.138s] Level 1:colcon.colcon_core.package_discovery:discover_packages(ignore) discover
[0.138s] Level 1:colcon.colcon_core.package_discovery:discover_packages(ignore) using defaults
[0.138s] Level 1:colcon.colcon_core.package_discovery:discover_packages(path) discover
[0.138s] Level 1:colcon.colcon_core.package_discovery:discover_packages(path) using defaults
[0.155s] Level 1:colcon.colcon_core.package_discovery:discover_packages(prefix_path) check parameters
[0.155s] Level 1:colcon.colcon_core.package_discovery:discover_packages(prefix_path) discover
[0.158s] DEBUG:colcon.colcon_installed_package_information.package_discovery:Found 17 installed packages in /home/hyperdrant/roarm_ws_em0/install
[0.158s] DEBUG:colcon.colcon_installed_package_information.package_discovery:Found 1 installed packages in /home/hyperdrant/roarm_ws_em0/src/install
[0.159s] DEBUG:colcon.colcon_installed_package_information.package_discovery:Found 21 installed packages in /home/hyperdrant/dev_ws/install
[0.160s] DEBUG:colcon.colcon_installed_package_information.package_discovery:Found 360 installed packages in /opt/ros/humble
[0.161s] Level 1:colcon.colcon_core.package_discovery:discover_packages(prefix_path) using defaults
[0.194s] Level 5:colcon.colcon_core.verb:set package 'roarm_face_tracker' build argument 'cmake_args' from command line to 'None'
[0.194s] Level 5:colcon.colcon_core.verb:set package 'roarm_face_tracker' build argument 'cmake_target' from command line to 'None'
[0.194s] Level 5:colcon.colcon_core.verb:set package 'roarm_face_tracker' build argument 'cmake_target_skip_unavailable' from command line to 'False'
[0.194s] Level 5:colcon.colcon_core.verb:set package 'roarm_face_tracker' build argument 'cmake_clean_cache' from command line to 'False'
[0.194s] Level 5:colcon.colcon_core.verb:set package 'roarm_face_tracker' build argument 'cmake_clean_first' from command line to 'False'
[0.194s] Level 5:colcon.colcon_core.verb:set package 'roarm_face_tracker' build argument 'cmake_force_configure' from command line to 'False'
[0.194s] Level 5:colcon.colcon_core.verb:set package 'roarm_face_tracker' build argument 'ament_cmake_args' from command line to 'None'
[0.194s] Level 5:colcon.colcon_core.verb:set package 'roarm_face_tracker' build argument 'catkin_cmake_args' from command line to 'None'
[0.194s] Level 5:colcon.colcon_core.verb:set package 'roarm_face_tracker' build argument 'catkin_skip_building_tests' from command line to 'False'
[0.194s] DEBUG:colcon.colcon_core.verb:Building package 'roarm_face_tracker' with the following arguments: {'ament_cmake_args': None, 'build_base': '/home/hyperdrant/rm_new/ros2_ws/build/roarm_face_tracker', 'catkin_cmake_args': None, 'catkin_skip_building_tests': False, 'cmake_args': None, 'cmake_clean_cache': False, 'cmake_clean_first': False, 'cmake_force_configure': False, 'cmake_target': None, 'cmake_target_skip_unavailable': False, 'install_base': '/home/hyperdrant/rm_new/ros2_ws/install/roarm_face_tracker', 'merge_install': False, 'path': '/home/hyperdrant/rm_new/ros2_ws/src/roarm_face_tracker', 'symlink_install': False, 'test_result_base': None}
[0.195s] INFO:colcon.colcon_core.executor:Executing jobs using 'parallel' executor
[0.195s] DEBUG:colcon.colcon_parallel_executor.executor.parallel:run_until_complete
[0.195s] INFO:colcon.colcon_ros.task.ament_python.build:Building ROS package in '/home/hyperdrant/rm_new/ros2_ws/src/roarm_face_tracker' with build type 'ament_python'
[0.195s] Level 1:colcon.colcon_core.shell:create_environment_hook('roarm_face_tracker', 'ament_prefix_path')
[0.197s] INFO:colcon.colcon_core.plugin_system:Skipping extension 'colcon_core.shell.bat': Not used on non-Windows systems
[0.198s] INFO:colcon.colcon_core.shell:Creating environment hook '/home/hyperdrant/rm_new/ros2_ws/install/roarm_face_tracker/share/roarm_face_tracker/hook/ament_prefix_path.ps1'
[0.198s] INFO:colcon.colcon_core.shell:Creating environment descriptor '/home/hyperdrant/rm_new/ros2_ws/install/roarm_face_tracker/share/roarm_face_tracker/hook/ament_prefix_path.dsv'
[0.198s] INFO:colcon.colcon_core.shell:Creating environment hook '/home/hyperdrant/rm_new/ros2_ws/install/roarm_face_tracker/share/roarm_face_tracker/hook/ament_prefix_path.sh'
[0.199s] INFO:colcon.colcon_core.shell:Skip shell extension 'powershell' for command environment: Not usable outside of PowerShell
[0.199s] DEBUG:colcon.colcon_core.shell:Skip shell extension 'dsv' for command environment
[0.385s] INFO:colcon.colcon_core.task.python.build:Building Python package in '/home/hyperdrant/rm_new/ros2_ws/src/roarm_face_tracker'
[0.385s] INFO:colcon.colcon_core.shell:Skip shell extension 'powershell' for command environment: Not usable outside of PowerShell
[0.385s] DEBUG:colcon.colcon_core.shell:Skip shell extension 'dsv' for command environment
[0.742s] DEBUG:colcon.colcon_core.event_handler.log_command:Invoking command in '/home/hyperdrant/rm_new/ros2_ws/src/roarm_face_tracker': PYTHONPATH=/home/hyperdrant/rm_new/ros2_ws/build/roarm_face_tracker/prefix_override:/usr/lib/python3/dist-packages/colcon_core/task/python/colcon_distutils_commands:/home/hyperdrant/rm_new/ros2_ws/install/roarm_face_tracker/lib/python3.10/site-packages:${PYTHONPATH} /usr/bin/python3 -W ignore:setup.py install is deprecated -W ignore:easy_install command is deprecated setup.py egg_info --egg-base ../../build/roarm_face_tracker build --build-base /home/hyperdrant/rm_new/ros2_ws/build/roarm_face_tracker/build install --record /home/hyperdrant/rm_new/ros2_ws/build/roarm_face_tracker/install.log --single-version-externally-managed install_data
[1.085s] DEBUG:colcon.colcon_core.event_handler.log_command:Invoked command in '/home/hyperdrant/rm_new/ros2_ws/src/roarm_face_tracker' returned '0': PYTHONPATH=/home/hyperdrant/rm_new/ros2_ws/build/roarm_face_tracker/prefix_override:/usr/lib/python3/dist-packages/colcon_core/task/python/colcon_distutils_commands:/home/hyperdrant/rm_new/ros2_ws/install/roarm_face_tracker/lib/python3.10/site-packages:${PYTHONPATH} /usr/bin/python3 -W ignore:setup.py install is deprecated -W ignore:easy_install command is deprecated setup.py egg_info --egg-base ../../build/roarm_face_tracker build --build-base /home/hyperdrant/rm_new/ros2_ws/build/roarm_face_tracker/build install --record /home/hyperdrant/rm_new/ros2_ws/build/roarm_face_tracker/install.log --single-version-externally-managed install_data
[1.087s] Level 1:colcon.colcon_core.environment:checking '/home/hyperdrant/rm_new/ros2_ws/install/roarm_face_tracker' for CMake module files
[1.087s] Level 1:colcon.colcon_core.environment:checking '/home/hyperdrant/rm_new/ros2_ws/install/roarm_face_tracker' for CMake config files
[1.088s] Level 1:colcon.colcon_core.environment:checking '/home/hyperdrant/rm_new/ros2_ws/install/roarm_face_tracker/lib'
[1.088s] Level 1:colcon.colcon_core.environment:checking '/home/hyperdrant/rm_new/ros2_ws/install/roarm_face_tracker/bin'
[1.088s] Level 1:colcon.colcon_core.environment:checking '/home/hyperdrant/rm_new/ros2_ws/install/roarm_face_tracker/lib/pkgconfig/roarm_face_tracker.pc'
[1.088s] Level 1:colcon.colcon_core.environment:checking '/home/hyperdrant/rm_new/ros2_ws/install/roarm_face_tracker/lib/python3.10/site-packages'
[1.088s] Level 1:colcon.colcon_core.shell:create_environment_hook('roarm_face_tracker', 'pythonpath')
[1.088s] INFO:colcon.colcon_core.shell:Creating environment hook '/home/hyperdrant/rm_new/ros2_ws/install/roarm_face_tracker/share/roarm_face_tracker/hook/pythonpath.ps1'
[1.089s] INFO:colcon.colcon_core.shell:Creating environment descriptor '/home/hyperdrant/rm_new/ros2_ws/install/roarm_face_tracker/share/roarm_face_tracker/hook/pythonpath.dsv'
[1.089s] INFO:colcon.colcon_core.shell:Creating environment hook '/home/hyperdrant/rm_new/ros2_ws/install/roarm_face_tracker/share/roarm_face_tracker/hook/pythonpath.sh'
[1.089s] Level 1:colcon.colcon_core.environment:checking '/home/hyperdrant/rm_new/ros2_ws/install/roarm_face_tracker/bin'
[1.089s] Level 1:colcon.colcon_core.environment:create_environment_scripts_only(roarm_face_tracker)
[1.090s] INFO:colcon.colcon_core.shell:Creating package script '/home/hyperdrant/rm_new/ros2_ws/install/roarm_face_tracker/share/roarm_face_tracker/package.ps1'
[1.090s] INFO:colcon.colcon_core.shell:Creating package descriptor '/home/hyperdrant/rm_new/ros2_ws/install/roarm_face_tracker/share/roarm_face_tracker/package.dsv'
[1.091s] INFO:colcon.colcon_core.shell:Creating package script '/home/hyperdrant/rm_new/ros2_ws/install/roarm_face_tracker/share/roarm_face_tracker/package.sh'
[1.091s] INFO:colcon.colcon_core.shell:Creating package script '/home/hyperdrant/rm_new/ros2_ws/install/roarm_face_tracker/share/roarm_face_tracker/package.bash'
[1.092s] INFO:colcon.colcon_core.shell:Creating package script '/home/hyperdrant/rm_new/ros2_ws/install/roarm_face_tracker/share/roarm_face_tracker/package.zsh'
[1.092s] Level 1:colcon.colcon_core.environment:create_file_with_runtime_dependencies(/home/hyperdrant/rm_new/ros2_ws/install/roarm_face_tracker/share/colcon-core/packages/roarm_face_tracker)
[1.092s] DEBUG:colcon.colcon_parallel_executor.executor.parallel:closing loop
[1.093s] DEBUG:colcon.colcon_parallel_executor.executor.parallel:loop closed
[1.093s] DEBUG:colcon.colcon_parallel_executor.executor.parallel:run_until_complete finished with '0'
[1.093s] DEBUG:colcon.colcon_core.event_reactor:joining thread
[1.105s] INFO:colcon.colcon_core.plugin_system:Skipping extension 'colcon_notification.desktop_notification.terminal_notifier': Not used on non-Darwin systems
[1.105s] INFO:colcon.colcon_core.plugin_system:Skipping extension 'colcon_notification.desktop_notification.win32': Not used on non-Windows systems
[1.105s] INFO:colcon.colcon_notification.desktop_notification:Sending desktop notification using 'notify2'
[1.113s] DEBUG:colcon.colcon_core.event_reactor:joined thread
[1.113s] INFO:colcon.colcon_core.shell:Creating prefix script '/home/hyperdrant/rm_new/ros2_ws/install/local_setup.ps1'
[1.114s] INFO:colcon.colcon_core.shell:Creating prefix util module '/home/hyperdrant/rm_new/ros2_ws/install/_local_setup_util_ps1.py'
[1.115s] INFO:colcon.colcon_core.shell:Creating prefix chain script '/home/hyperdrant/rm_new/ros2_ws/install/setup.ps1'
[1.117s] INFO:colcon.colcon_core.shell:Creating prefix script '/home/hyperdrant/rm_new/ros2_ws/install/local_setup.sh'
[1.118s] INFO:colcon.colcon_core.shell:Creating prefix util module '/home/hyperdrant/rm_new/ros2_ws/install/_local_setup_util_sh.py'
[1.118s] INFO:colcon.colcon_core.shell:Creating prefix chain script '/home/hyperdrant/rm_new/ros2_ws/install/setup.sh'
[1.120s] INFO:colcon.colcon_core.shell:Creating prefix script '/home/hyperdrant/rm_new/ros2_ws/install/local_setup.bash'
[1.120s] INFO:colcon.colcon_core.shell:Creating prefix chain script '/home/hyperdrant/rm_new/ros2_ws/install/setup.bash'
[1.122s] INFO:colcon.colcon_core.shell:Creating prefix script '/home/hyperdrant/rm_new/ros2_ws/install/local_setup.zsh'
[1.122s] INFO:colcon.colcon_core.shell:Creating prefix chain script '/home/hyperdrant/rm_new/ros2_ws/install/setup.zsh'
